<?xml version="1.0" encoding="utf-8"?><testsuites><testsuite name="pytest" errors="0" failures="0" skipped="0" tests="16" time="0.902" timestamp="2025-05-05T18:16:49.157433+02:00" hostname="Pavlos-MacBook-Air.local"><testcase classname="tests.test_conftest" name="test_get_swift_code_details" time="0.075" /><testcase classname="tests.test_conftest" name="test_get_swift_code_details_not_found" time="0.025" /><testcase classname="tests.test_conftest" name="test_get_swift_codes_by_country" time="0.027" /><testcase classname="tests.test_conftest" name="test_get_swift_codes_by_country_not_found" time="0.024" /><testcase classname="tests.test_conftest" name="test_add_swift_code_success" time="0.029" /><testcase classname="tests.test_conftest" name="test_add_swift_code_missing_field" time="0.025" /><testcase classname="tests.test_conftest" name="test_add_swift_code_duplicate" time="0.034" /><testcase classname="tests.test_conftest" name="test_add_swift_code_db_error" time="0.025" /><testcase classname="tests.test_conftest" name="test_delete_swift_code_success" time="0.032" /><testcase classname="tests.test_conftest" name="test_delete_swift_code_not_found" time="0.026" /><testcase classname="tests.test_conftest" name="test_delete_swift_code_internal_error" time="0.035" /><testcase classname="tests.test_parser" name="test_parse_swift_codes_success" time="0.006" /><testcase classname="tests.test_parser" name="test_parse_swift_codes_branch_no_hq" time="0.005" /><testcase classname="tests.test_parser" name="test_parse_swift_codes_updates_existing_bank" time="0.005" /><testcase classname="tests.test_parser" name="test_parse_swift_codes_read_csv_error" time="0.002" /><testcase classname="tests.test_parser" name="test_parse_swift_codes_db_commit_fails" time="0.005" /></testsuite></testsuites>